Encoding: iso-8859-1
Detected dtd version 8.2.2102
VCANdelaPersistorImpl::GetFileVersion: DTD version '8.2.2102' detected
Detected dtd version 8.2.2102
VCANdelaPersistorImpl::GetFileVersion: DTD version '8.2.2102' detected
Loading 'D:\AUTOSAR_TOOLs\S32K144_SIP\MICROSAR\CBD1800257_D01_S32K1xx\Applications\S32K144_Start_new_IAR\Inputfiles\ForTraining.cdd'...
  dtd version: file 8.2.2102, program 15.0.4
Document supports the languages (en-US)
Document contains the uptodate languages (en-US)
Template: Qualifier : Door, SaveNo : 2, Label : --DDM_VALIDATE_BEGIN00281d7c-1e88-46b6-8add-59d7d2106c31DDM_VALIDATE_END
  template data loaded
  variant 'CommonDiagnostics' loaded
DIDs migration 8.5.1: start
DIDs migration 8.5.1: Add DID 'New_Data_Type_5, 0x0444' to all variants
DIDs migration 8.5.1: Add DID 'DID_definition_Example, 0xF190' to all variants
DIDs migration 8.5.1: end
Check Identifier for uniqueness 9.0.101 migration: start
Check Identifier for uniqueness 9.0.101 migration: checking diagnostic identifier..
Check Identifier for uniqueness 9.0.101 migration: all diagnostic identifiers in this document are unique.
Check Identifier for uniqueness 9.0.101 migration: attribute "Check Identifier for Uniqueness" will be not created.
Check Identifier for uniqueness 9.0.101 migration: success
AUTOSAR fault memory migration, Read snapshots: protocol service 1904 "($19) ReadDtcInformation - Report DTC snapshot record by DTC number" has unsupported format:
AUTOSAR fault memory migration, Read snapshots:  Snapshot record numbers in request have invalid format or do not match with Snapshot record numbers in response.
AUTOSAR fault memory migration, Read snapshots: cannot migrate Read Snapshot Data services to AUTOSAR fault memory format.
AUTOSAR fault memory migration, Read extended data records: migrating diagnostic instance "qpath:/CommonDiagnostics/FaultMemory"...
AUTOSAR fault memory migration, Read extended data records: Extended Data Records:
AUTOSAR fault memory migration, Read extended data records:  0x01 OccurrenceCounter
AUTOSAR fault memory migration, Read extended data records:  0x02 OdometerValue
AUTOSAR fault memory migration, Read extended data records: ...Success
AUTOSAR fault memory migration, Read extended data records: migrating protocol service 1906 "($19) ReadDtcInformation - Report DTC extended data record by DTC number"...
AUTOSAR fault memory migration, Read extended data records: ...Success
Document version: 1
Done loading.
Checking consistency of document. This may take a while, please be patient...
Warning: Qualifier detected in 'qpath://[PROTOCOLSERVICE]_19_ReadDtcInformation_Report_DTC_extended_data_record_by_DTC_number' is too long.
Warning:  The maximal allowed qualifier length is 64 characters. See Qualifier generation options dialog.
Warning: Text table data type 'SID-RQ-NR' contains 1 entries without any assigned text.
Warning: Text table data type 'Identifier' contains 1 entries without any assigned text.
Warning: Text table data type 'Short Identifier' contains 1 entries without any assigned text.
Warning: Text table data type 'MemoryRanges_01' contains 3 entries without any assigned text.
Warning: Text table data type 'DTC SnapshotRecordNumber' contains 1 entries without any assigned text.
ComParamMan: Setting COM parameter 'BusType' to value 'FlexRay' failed. Invalid value!
ComParamMan: Setting COM parameter 'TransportProtocolType' to value 'Autosar' failed. Invalid value!
ComParamMan: Unidentified ComParam PayloadLengthReqPhys
ComParamMan: Unidentified ComParam PayloadLengthRes
ComParamMan: Unidentified ComParam ConnectionModePhys
ComParamMan: Unidentified ComParam AddressTypePhys
ComParamMan: Unidentified ComParam SlotIdReqPhys
ComParamMan: Unidentified ComParam BaseCycleReqPhys
ComParamMan: Unidentified ComParam CycleRepetitionReqPhys
ComParamMan: Unidentified ComParam SlotIdRes
ComParamMan: Unidentified ComParam BaseCycleRes
ComParamMan: Unidentified ComParam CycleRepetitionRes
ComParamMan: Unidentified ComParam FlexRayFrameFillerByte
ComParamMan: Unidentified ComParam FrChannelPhys
ComParamMan: Unidentified ComParam MessageLengthPhys
Checking service prefixes in base variant 'CommonDiagnostics' ... OK
Document is consistent.
